<html><body><div class="pj-table-wrapper" id="table">
    <table class="pj-table">

        <thead>
    <tr>
        
        
                    <th>ID</th>
                    <th>Name</th>
                    <th>Email</th>
        
            </tr>
</thead>        <tbody>
            <tr id="1">
    
    
            <td class="simple id">
    
    1

    </td>            <td class="simple name">
    
    John Doe

    </td>            <td class="simple email">
    
    john.doe@example.com

    </td>    
    </tr>            <tr id="2">
    
    
            <td class="simple id">
    
    2

    </td>            <td class="simple name">
    
    Jane Doe

    </td>            <td class="simple email">
    
    jane.doe@example.com

    </td>    
    </tr>            <tr id="3">
    
    
            <td class="simple id">
    
    3

    </td>            <td class="simple name">
    
    John Smith

    </td>            <td class="simple email">
    
    john.smith@example.com

    </td>    
    </tr>            <tr id="4">
    
    
            <td class="simple id">
    
    4

    </td>            <td class="simple name">
    
    Jane Smith

    </td>            <td class="simple email">
    
    jane.smith@example.com

    </td>    
    </tr>    </tbody>
            </table>

    
    </div></body></html>
