<html><body><div class="pj-table-wrapper" id="table">
    <table class="pj-table">

        <thead>
    <tr>
                    <th class="check">
                <div class="pj-checkbox">
    <div class="group">
        <input type="checkbox" id="table" name="all">

        <label for="all"></label>
    </div>
</div>            </th>
        
        
                    <th>ID</th>
                    <th>Name</th>
                    <th>Email</th>
                    <th>Created at</th>
                    <th>Updated at</th>
        
            </tr>
</thead>        <tbody>
            <tr id="1">
            <td class="check">
            <div class="pj-checkbox">
    <div class="group">
        <input type="checkbox" id="1" name="1">

        <label for="1"></label>
    </div>
</div>        </td>
    
    
            <td class="simple id">
    
    1

    </td>            <td class="simple name">
    
    John Doe

    </td>            <td class="simple email">
    
    john.doe@example.com

    </td>            <td class="simple created_at">
    
    2021-01-01 00:00:00

    </td>            <td class="simple updated_at">
    
    2021-01-01 00:00:00

    </td>    
    </tr>            <tr id="2">
            <td class="check">
            <div class="pj-checkbox">
    <div class="group">
        <input type="checkbox" id="2" name="2">

        <label for="2"></label>
    </div>
</div>        </td>
    
    
            <td class="simple id">
    
    2

    </td>            <td class="simple name">
    
    Jane Doe

    </td>            <td class="simple email">
    
    jane.doe@example.com

    </td>            <td class="simple created_at">
    
    2021-01-02 00:00:00

    </td>            <td class="simple updated_at">
    
    2021-01-02 00:00:00

    </td>    
    </tr>            <tr id="3">
            <td class="check">
            <div class="pj-checkbox">
    <div class="group">
        <input type="checkbox" id="3" name="3">

        <label for="3"></label>
    </div>
</div>        </td>
    
    
            <td class="simple id">
    
    3

    </td>            <td class="simple name">
    
    John Smith

    </td>            <td class="simple email">
    
    john.smith@example.com

    </td>            <td class="simple created_at">
    
    2021-01-03 00:00:00

    </td>            <td class="simple updated_at">
    
    2021-01-03 00:00:00

    </td>    
    </tr>            <tr id="4">
            <td class="check">
            <div class="pj-checkbox">
    <div class="group">
        <input type="checkbox" id="4" name="4">

        <label for="4"></label>
    </div>
</div>        </td>
    
    
            <td class="simple id">
    
    4

    </td>            <td class="simple name">
    
    Jane Smith

    </td>            <td class="simple email">
    
    jane.smith@example.com

    </td>            <td class="simple created_at">
    
    2021-01-04 00:00:00

    </td>            <td class="simple updated_at">
    
    2021-01-04 00:00:00

    </td>    
    </tr>    </tbody>
            </table>

    </div></body></html>
