<html><body><thead>
    <tr>
        
        
                    <th>ID</th>
                    <th>Name</th>
                    <th>Email</th>
                    <th>Created at</th>
                    <th>Updated at</th>
        
            </tr>
</thead></body></html>
