<html><body><div class="pagination">
    <div class="page-size" data-href="https://example.com/paginator">
    <div class="pj-dropdown">
    
    <div class="dropdown-wrapper">
        <div class="items">
            <div class="chosen" data-value="10">
    <span class="label">10</span>

    <div class="arrow-wrapper">
    <i class="arrow down"></i>
</div>
</div>
            <div class="all-items">
                                    <div class="pj-dropdown-item" data-value="10">
    10
</div>                                    <div class="pj-dropdown-item" data-value="20">
    20
</div>                                    <div class="pj-dropdown-item" data-value="50">
    50
</div>                                    <div class="pj-dropdown-item" data-value="100">
    100
</div>                            </div>
        </div>
    </div>
</div>
</div>
    <div class="links">
                    <a href="https://example.com/paginator/3" class="link arrow">
                    <div class="arrows">
                                    <svg xmlns="http://www.w3.org/2000/svg" width="24" height="24" fill="none">
                        <path d="M14 16L10 12L14 8" stroke="#010722" stroke-width="2" stroke-miterlimit="10" stroke-linecap="square"></path>
                    </svg>
                            </div>
            </a>

                    <a href="https://example.com/paginator/1" class="link">
                    <span class="page-number">1</span>
            </a>

                    <span class="dots">...</span>

                    <a href="https://example.com/paginator/3" class="link">
                    <span class="page-number">3</span>
            </a>

                    <a href="https://example.com/paginator/4" class="link active">
                    <span class="page-number">4</span>
            </a>

                    <a href="https://example.com/paginator/5" class="link">
                    <span class="page-number">5</span>
            </a>

                                                            <span class="dots">...</span>

                    <a href="https://example.com/paginator/9" class="link">
                    <span class="page-number">9</span>
            </a>

                    <a href="https://example.com/paginator/5" class="link arrow">
                    <div class="arrows">
                                    <svg xmlns="http://www.w3.org/2000/svg" width="24" height="24" fill="none">
                        <rect width="24" height="24" fill="white"></rect>
                        <path d="M10 8L14 12L10 16" stroke="#010722" stroke-width="2" stroke-miterlimit="10" stroke-linecap="square"></path>
                    </svg>
                            </div>
            </a>

            </div>
</div></body></html>
