<html><body><div class="table-options">
    <div class="controllers">
                    <div class="controller sorter-wrapper">
    <div class="clickable">
        <svg xmlns="http://www.w3.org/2000/svg" width="24" height="24" viewbox="0 0 24 24" fill="none" stroke="currentColor" stroke-width="2" stroke-linecap="round" stroke-linejoin="round"><path d="m21 16-4 4-4-4"></path><path d="M17 20V4"></path><path d="m3 8 4-4 4 4"></path><path d="M7 4v16"></path></svg>        <span>Sort</span>
    </div>

    <div class="options">
        <span class="title">Sort by</span>

                    <div class="option" data-column="id">
                <span>ID</span>
            </div>
                    <div class="option" data-column="name">
                <span>Name</span>
            </div>
                    <div class="option" data-column="email">
                <span>Email</span>
            </div>
                    <div class="option" data-column="created_at">
                <span>Created at</span>
            </div>
                    <div class="option" data-column="updated_at">
                <span>Updated at</span>
            </div>
            </div>
</div>        
            </div>

    
    </div></body></html>
