<html><body><div class="footer space-top">
    <p>
                    Sincerely,
                App
    </p>
</div></body></html>
