<html><body><div class="footer space-top">
    <p>
                Custom App Name
    </p>
</div></body></html>
