<html><body><div class="header">
    <a href="http://localhost">
                    <img src="http://localhost/custom-logo.png" alt="logo">
                App
    </a>
</div></body></html>
