<html><body><div class="header">
    <a href="http://localhost">
                App
    </a>
</div></body></html>
