<html><body><div class="header">
    <a href="http://localhost">
                    <img src="http://localhost/images/logo/logo.svg" alt="logo">
                Custom App Name
    </a>
</div></body></html>
