<html><body><div class="pj-table-wrapper" id="table" data-html-parts-url="https://example.com/table">
    
    <table class="pj-table">

        <thead>
    <tr>
        
        
                    <th>ID</th>
                    <th>Name</th>
                    <th>Email</th>
                    <th>Created at</th>
                    <th>Updated at</th>
        
            </tr>
</thead>        <tbody>
            <tr id="1">
    
    
            <td class="simple id">
    
    1

    </td>            <td class="simple name">
    
    John Doe

    </td>            <td class="simple email">
    
    john.doe@example.com

    </td>            <td class="simple created_at">
    
    2021-01-01 00:00:00

    </td>            <td class="simple updated_at">
    
    2021-01-01 00:00:00

    </td>    
    </tr>            <tr id="2">
    
    
            <td class="simple id">
    
    2

    </td>            <td class="simple name">
    
    Jane Doe

    </td>            <td class="simple email">
    
    jane.doe@example.com

    </td>            <td class="simple created_at">
    
    2021-01-02 00:00:00

    </td>            <td class="simple updated_at">
    
    2021-01-02 00:00:00

    </td>    
    </tr>            <tr id="3">
    
    
            <td class="simple id">
    
    3

    </td>            <td class="simple name">
    
    John Smith

    </td>            <td class="simple email">
    
    john.smith@example.com

    </td>            <td class="simple created_at">
    
    2021-01-03 00:00:00

    </td>            <td class="simple updated_at">
    
    2021-01-03 00:00:00

    </td>    
    </tr>            <tr id="4">
    
    
            <td class="simple id">
    
    4

    </td>            <td class="simple name">
    
    Jane Smith

    </td>            <td class="simple email">
    
    jane.smith@example.com

    </td>            <td class="simple created_at">
    
    2021-01-04 00:00:00

    </td>            <td class="simple updated_at">
    
    2021-01-04 00:00:00

    </td>    
    </tr>    </tbody>
            </table>

            <div class="bulk-actions-wrapper hidden">
    <p class="selected"><span class="text">Selected: </span><span class="count">0</span></p>

    <div class="actions">
                    <div class="bulk-action">
                <button class="pj-btn neutral" data-action="https://example.com/export" data-method="POST">
        Export
            </button>
            </div>
                    <div class="bulk-action">
                <button class="pj-btn danger" data-action="https://example.com/delete" data-method="DELETE">
        <svg xmlns="http://www.w3.org/2000/svg" viewbox="0 0 448 512"><!--!Font Awesome Free 6.6.0 by @fontawesome - https://fontawesome.com License - https://fontawesome.com/license/free Copyright 2024 Fonticons, Inc.--><path d="M135.2 17.7C140.6 6.8 151.7 0 163.8 0L284.2 0c12.1 0 23.2 6.8 28.6 17.7L320 32l96 0c17.7 0 32 14.3 32 32s-14.3 32-32 32L32 96C14.3 96 0 81.7 0 64S14.3 32 32 32l96 0 7.2-14.3zM32 128l384 0 0 320c0 35.3-28.7 64-64 64L96 512c-35.3 0-64-28.7-64-64l0-320zm96 64c-8.8 0-16 7.2-16 16l0 224c0 8.8 7.2 16 16 16s16-7.2 16-16l0-224c0-8.8-7.2-16-16-16zm96 0c-8.8 0-16 7.2-16 16l0 224c0 8.8 7.2 16 16 16s16-7.2 16-16l0-224c0-8.8-7.2-16-16-16zm96 0c-8.8 0-16 7.2-16 16l0 224c0 8.8 7.2 16 16 16s16-7.2 16-16l0-224c0-8.8-7.2-16-16-16z"></path></svg>
                    
                    Delete
            </button>
            </div>
            </div>
</div>    
            <div class="pagination">
    <div class="page-size" data-href="https://example.com/table">
    <div class="pj-dropdown">
    
    <div class="dropdown-wrapper">
        <div class="items">
            <div class="chosen" data-value="10">
    <span class="label">10</span>

    <div class="arrow-wrapper">
    <i class="arrow down"></i>
</div>
</div>
            <div class="all-items">
                                    <div class="pj-dropdown-item" data-value="10">
    10
</div>                                    <div class="pj-dropdown-item" data-value="20">
    20
</div>                                    <div class="pj-dropdown-item" data-value="50">
    50
</div>                                    <div class="pj-dropdown-item" data-value="100">
    100
</div>                            </div>
        </div>
    </div>
</div>
</div>
    <div class="links">
                    <a href="" class="link arrow disabled">
                    <div class="arrows">
                                    <svg xmlns="http://www.w3.org/2000/svg" width="24" height="24" fill="none">
                        <path d="M14 16L10 12L14 8" stroke="#010722" stroke-width="2" stroke-miterlimit="10" stroke-linecap="square"></path>
                    </svg>
                            </div>
            </a>

                    <a href="https://example.com/table/1" class="link active">
                    <span class="page-number">1</span>
            </a>

                    <a href="https://example.com/table/2" class="link">
                    <span class="page-number">2</span>
            </a>

                    <a href="https://example.com/table/3" class="link">
                    <span class="page-number">3</span>
            </a>

                    <a href="https://example.com/table/4" class="link">
                    <span class="page-number">4</span>
            </a>

                    <a href="" class="link arrow disabled">
                    <div class="arrows">
                                    <svg xmlns="http://www.w3.org/2000/svg" width="24" height="24" fill="none">
                        <rect width="24" height="24" fill="white"></rect>
                        <path d="M10 8L14 12L10 16" stroke="#010722" stroke-width="2" stroke-miterlimit="10" stroke-linecap="square"></path>
                    </svg>
                            </div>
            </a>

            </div>
</div>    </div></body></html>
