<html><body><div class="pj-table-wrapper" id="table" data-html-parts-url="https://example.com/table">
            <div class="table-options">
    <div class="controllers">
        
                    <div class="controller filter-options-wrapper">
    <div class="clickable">
        <svg xmlns="http://www.w3.org/2000/svg" width="24" height="24" viewbox="0 0 24 24" fill="none" stroke="currentColor" stroke-width="2" stroke-linecap="round" stroke-linejoin="round"><polygon points="22 3 2 3 10 12.46 10 19 14 21 14 12.46 22 3"></polygon></svg>        <span>Filter</span>
    </div>

    <div class="options">
        <span class="title">Filter by</span>

                    <div class="option" data-column="id" data-type="text">
                <span>ID</span>
            </div>
                    <div class="option" data-column="name" data-type="text">
                <span>Name</span>
            </div>
                    <div class="option" data-column="email" data-type="select" data-options-url="http://example.com/data">
                <span>Email</span>
            </div>
                    <div class="option" data-column="created_at" data-type="date">
                <span>Created at</span>
            </div>
                    <div class="option" data-column="updated_at" data-type="date">
                <span>Updated at</span>
            </div>
                    <div class="option" data-column="random_number" data-type="number">
                <span>Random number</span>
            </div>
            </div>
</div>            </div>

    
    </div>    
    <table class="pj-table">

        <thead>
    <tr>
        
        
                    <th>ID</th>
                    <th>Name</th>
                    <th>Email</th>
                    <th>Created at</th>
                    <th>Updated at</th>
        
            </tr>
</thead>        <tbody>
            <tr id="1">
    
    
            <td class="simple id">
    
    1

    </td>            <td class="simple name">
    
    John Doe

    </td>            <td class="simple email">
    
    john.doe@example.com

    </td>            <td class="simple created_at">
    
    2021-01-01 00:00:00

    </td>            <td class="simple updated_at">
    
    2021-01-01 00:00:00

    </td>    
    </tr>            <tr id="2">
    
    
            <td class="simple id">
    
    2

    </td>            <td class="simple name">
    
    Jane Doe

    </td>            <td class="simple email">
    
    jane.doe@example.com

    </td>            <td class="simple created_at">
    
    2021-01-02 00:00:00

    </td>            <td class="simple updated_at">
    
    2021-01-02 00:00:00

    </td>    
    </tr>            <tr id="3">
    
    
            <td class="simple id">
    
    3

    </td>            <td class="simple name">
    
    John Smith

    </td>            <td class="simple email">
    
    john.smith@example.com

    </td>            <td class="simple created_at">
    
    2021-01-03 00:00:00

    </td>            <td class="simple updated_at">
    
    2021-01-03 00:00:00

    </td>    
    </tr>            <tr id="4">
    
    
            <td class="simple id">
    
    4

    </td>            <td class="simple name">
    
    Jane Smith

    </td>            <td class="simple email">
    
    jane.smith@example.com

    </td>            <td class="simple created_at">
    
    2021-01-04 00:00:00

    </td>            <td class="simple updated_at">
    
    2021-01-04 00:00:00

    </td>    
    </tr>    </tbody>
            </table>

    
            <div class="pagination">
    <div class="page-size" data-href="https://example.com/table">
    <div class="pj-dropdown">
    
    <div class="dropdown-wrapper">
        <div class="items">
            <div class="chosen" data-value="10">
    <span class="label">10</span>

    <div class="arrow-wrapper">
    <i class="arrow down"></i>
</div>
</div>
            <div class="all-items">
                                    <div class="pj-dropdown-item" data-value="10">
    10
</div>                                    <div class="pj-dropdown-item" data-value="20">
    20
</div>                                    <div class="pj-dropdown-item" data-value="50">
    50
</div>                                    <div class="pj-dropdown-item" data-value="100">
    100
</div>                            </div>
        </div>
    </div>
</div>
</div>
    <div class="links">
                    <a href="" class="link arrow disabled">
                    <div class="arrows">
                                    <svg xmlns="http://www.w3.org/2000/svg" width="24" height="24" fill="none">
                        <path d="M14 16L10 12L14 8" stroke="#010722" stroke-width="2" stroke-miterlimit="10" stroke-linecap="square"></path>
                    </svg>
                            </div>
            </a>

                    <a href="https://example.com/table/1" class="link active">
                    <span class="page-number">1</span>
            </a>

                    <a href="https://example.com/table/2" class="link">
                    <span class="page-number">2</span>
            </a>

                    <a href="https://example.com/table/3" class="link">
                    <span class="page-number">3</span>
            </a>

                    <a href="https://example.com/table/4" class="link">
                    <span class="page-number">4</span>
            </a>

                    <a href="" class="link arrow disabled">
                    <div class="arrows">
                                    <svg xmlns="http://www.w3.org/2000/svg" width="24" height="24" fill="none">
                        <rect width="24" height="24" fill="white"></rect>
                        <path d="M10 8L14 12L10 16" stroke="#010722" stroke-width="2" stroke-miterlimit="10" stroke-linecap="square"></path>
                    </svg>
                            </div>
            </a>

            </div>
</div>    </div></body></html>
