{
    "modal": "<div class=\"pj-dropdown\">\n            <p class=\"label\">Filter type</p>\n    \n    <div class=\"dropdown-wrapper\">\n        <div class=\"items\">\n            <div class=\"chosen\" data-value=\"contains\">\n    <span class=\"label\">Contains</span>\n\n    <div class=\"arrow-wrapper\">\n    <i class=\"arrow down\"></i>\n</div></div>\n            <div class=\"all-items\">\n                                    <div class=\"pj-dropdown-item\" data-value=\"contains\">\n    Contains\n</div>                                    <div class=\"pj-dropdown-item\" data-value=\"not_contains\">\n    Not contains\n</div>                                    <div class=\"pj-dropdown-item\" data-value=\"equals\">\n    Equals\n</div>                                    <div class=\"pj-dropdown-item\" data-value=\"not_equals\">\n    Not equals\n</div>                                    <div class=\"pj-dropdown-item\" data-value=\"starts_with\">\n    Starts with\n</div>                                    <div class=\"pj-dropdown-item\" data-value=\"ends_with\">\n    Ends with\n</div>                            </div>\n        </div>\n    </div>\n</div>\n<div class=\"pj-classic\">\n            <label for=\"filter_value\">Filter value</label>\n    \n            <input type=\"text\" id=\"filter_value\" name=\"filter_value\" placeholder=\"Enter filter value\" autofocus=\"autofocus\">\n    \n    </div>"
}
