<html><body><div class="pj-checkbox">
    <div class="group">
        <input type="checkbox" id="agreement" name="agreement">

        <label for="agreement">Agree</label>
    </div>
</div></body></html>
