<html><body><div class="pj-file required">
            <label for="file">File</label>
    
    <input type="file" id="file" required="required" name="file">

    </div></body></html>
