<html><body><div class="pj-file">
            <label for="custom-id">File</label>
    
    <input type="file" id="custom-id" class="custom class" name="file">

    </div></body></html>
