<html><body><div class="pj-file error">
            <label for="file">File</label>
    
    <input type="file" id="file" name="file">

            <div class="error">
            <p class="message">Error message</p>
        </div>
    </div></body></html>
