<html><body><div class="pj-classic">
            <label for="custom-id">Name</label>
    
            <input type="text" id="custom-id" class="custom class" name="name">
    
    </div></body></html>
