<html><body><div class="pj-classic">
            <label for="name">Name</label>
    
            <input type="text" id="name" name="name">
    
    </div></body></html>
