<html><body><div class="pj-photo-uploader">
    <div class="pj-file">
            <label for="photo">Photos</label>
    
    <input type="file" id="photo" name="photo">

    </div>
    <div class="previews">
            </div>
</div></body></html>
