<html><body><div class="pj-photo-uploader">
    <div class="pj-file">
            <label for="photo">Photos</label>
    
    <input type="file" id="photo" name="photo">

    </div>
    <div class="previews">
                    <div class="pj-photo-preview">
    <img src="source/of/image" alt="alt text" data-file-name="image">

    <div class="delete-button">
        <div class="close-button">
    <div class="line"></div>
    <div class="line"></div>
</div>    </div>
</div>                    <div class="pj-photo-preview">
    <img src="source/of/image" alt="another alt text" data-file-name="custom-filename.jpg">

    <div class="delete-button">
        <div class="close-button">
    <div class="line"></div>
    <div class="line"></div>
</div>    </div>
</div>            </div>
</div></body></html>
