<html><body><div class="pj-photo-uploader">
    <div class="pj-file error">
            <label for="photo">Photos</label>
    
    <input type="file" id="photo" name="photo">

            <div class="error">
            <p class="message">Error message</p>
        </div>
    </div>
    <div class="previews">
            </div>
</div></body></html>
