<html><body><div class="pj-photo-uploader">
    <div class="pj-file">
            <label for="custom-id">Photos</label>
    
    <input type="file" id="custom-id" class="custom class" name="photo">

    </div>
    <div class="previews">
            </div>
</div></body></html>
