<html><body>
<div class="pj-radio">
    <div class="group">
        <input type="radio" id="custom-id" value="yes" class="custom class" name="agreement" checked>
        <label for="custom-id">Agree</label>
    </div>
</div>
<div class="pj-radio">
    <div class="group">
        <input type="radio" id="custom-id2" value="no" class="custom class" name="agreement">
        <label for="custom-id2">Disagree</label>
    </div>
</div>
</body></html>
