<html><body>
<div class="pj-radio">
    <div class="group">
        <input type="radio" id="1" value="yes" name="agreement" checked>
        <label for="1">Agree</label>
    </div>
</div>
<div class="pj-radio">
    <div class="group">
        <input type="radio" id="2" value="no" name="agreement">
        <label for="2">Disagree</label>
    </div>
</div>
</body></html>
