<html><body><div class="pj-select required">
    <label for="name">Name</label>

    <select id="name" required="required" name="name">
                                    <option value="value1">Label 1</option>                            <option value="value2">Label 2</option>                            <option value="value3">Label 3</option>                        </select>
</div></body></html>
