<html><body><div class="pj-select">
    <label for="custom-id">Name</label>

    <select id="custom-id" class="custom class" name="name">
                                    <option value="value1">Label 1</option>                            <option value="value2">Label 2</option>                            <option value="value3">Label 3</option>                        </select>
</div></body></html>
