<html><body><div class="pj-classic">
            <label for="name">Name</label>
    
            <input type="tel" id="name" pattern="^\+421\d{9}$" name="name">
    
    </div></body></html>
