<html><body><div class="pj-classic">
            <label for="custom-id">Name</label>
    
            <input type="tel" id="custom-id" class="custom class" pattern="^\+421\d{9}$" name="name">
    
    </div></body></html>
