<html><body><div class="pj-textarea">
    <label for="custom-id">Name</label>
    <textarea id="custom-id" class="custom class" name="name"></textarea>
</div></body></html>
