<html><body><div class="pj-textarea required">
    <label for="name">Name</label>
    <textarea id="name" required="required" name="name"></textarea>
</div></body></html>
