<html><body>
<button class="pj-btn texted info">
        Button
            </button>
</body></html>
