<html><body>
<button class="pj-btn bordered info">
        Button
            </button>
</body></html>
