<html><body>
<button class="pj-btn texted danger">
        Button
            </button>
</body></html>
