<html><body>
<button class="pj-btn success-bordered">
        Button
            </button>
</body></html>
