<html><body>
<button class="pj-btn texted success">
        Button
            </button>
</body></html>
