<html><body>
<button class="pj-btn warning">
        Button
            </button>
</body></html>
