<html><body>
<button class="pj-btn custom-class" id="custom-id" type="submit">
        Button
            </button>
</body></html>
