<html><body>
<button class="pj-btn texted neutral">
        Button
            </button>
</body></html>
