<html><body>
<button class="pj-btn danger-bordered">
        Button
            </button>
</body></html>
