<html><body>
<a href="http://localhost" class="pj-btn info button-like">Button</a>
</body></html>
