<html><body><div class="pj-dropdown">
            <p class="label">Simple dropdown</p>
    
    <div class="dropdown-wrapper">
        <div class="items">
            <div class="chosen" data-value="0">
    <span class="label">Item 1</span>

    <div class="arrow-wrapper">
    <i class="arrow down"></i>
</div>
</div>
            <div class="all-items">
                                    <div class="pj-dropdown-item" data-value="0">
    Item 1
</div>                                    <div class="pj-dropdown-item" data-value="1">
    Item 2
</div>                                    <div class="pj-dropdown-item" data-value="2">
    Item 3
</div>                            </div>
        </div>
    </div>
</div></body></html>
