<html><body><form method="POST" action="#">
    <input type="hidden" name="_token" value="" autocomplete="off">
            <input type="hidden" name="_method" value="DELETE">    
    <div class="pj-classic">
            <label for="name">Name</label>
    
            <input type="text" id="name" name="name">
    
    </div>

            <button class="pj-btn" type="submit">
        Submit
            </button>
    </form></body></html>
