<html><body><form method="GET" action="#">
    <input type="hidden" name="_token" value="" autocomplete="off">
    
    <div class="pj-classic">
            <label for="name">Name</label>
    
            <input type="text" id="name" name="name">
    
    </div>

            <button class="pj-btn info" type="submit">
        Submit
            </button>
    </form></body></html>
